// Jest Snapshot v1, https://goo.gl/fbAQLP

exports[`renders correctly 1`] = `
<View
  accessibilityComponentType={undefined}
  accessibilityLabel={undefined}
  accessibilityTraits={undefined}
  accessible={true}
  collapsable={undefined}
  hasTVPreferredFocus={undefined}
  hitSlop={undefined}
  isTVSelectable={true}
  nativeID={undefined}
  onLayout={undefined}
  onResponderGrant={[Function]}
  onResponderMove={[Function]}
  onResponderRelease={[Function]}
  onResponderTerminate={[Function]}
  onResponderTerminationRequest={[Function]}
  onStartShouldSetResponder={[Function]}
  style={
    Object {
      "backgroundColor": "white",
      "borderColor": "#ededed",
      "borderRadius": 3,
      "borderWidth": 0,
      "margin": 5,
      "marginLeft": 10,
      "marginRight": 10,
      "marginTop": 20,
      "opacity": 1,
      "padding": 10,
      "paddingLeft": 20,
    }
  }
  testID={undefined}
  tvParallaxProperties={undefined}
>
  <View
    style={
      Array [
        Object {
          "alignItems": "center",
          "flexDirection": "row",
        },
        false,
        false,
      ]
    }
  >
    <Text
      accessible={true}
      allowFontScaling={false}
      ellipsizeMode="tail"
      onLongPress={undefined}
      onPress={undefined}
      style={
        Array [
          Object {
            "color": "blue",
            "fontSize": 24,
          },
          undefined,
          Object {
            "fontFamily": "FontAwesome",
            "fontStyle": "normal",
            "fontWeight": "normal",
          },
        ]
      }
    >
      ï†’
    </Text>
    <Text
      accessible={true}
      allowFontScaling={true}
      ellipsizeMode="tail"
      style={
        Array [
          Object {},
          undefined,
          undefined,
          undefined,
          undefined,
          undefined,
          undefined,
          undefined,
          undefined,
          undefined,
          Array [
            Object {
              "color": "#43484d",
              "fontWeight": "bold",
              "marginLeft": 10,
              "marginRight": 10,
            },
            Object {
              "fontSize": 18,
            },
            undefined,
          ],
        ]
      }
    >
      Freshman
    </Text>
  </View>
</View>
`;
